create_brep_box + mirror_object{}:
   vorher : kind=brep features=6 {'face': 6} vol=12000.000
   nachher: kind=brep features=0 {} vol=12000.000
   Befunde: []
   vorher Details: [('face_1', 'face', 300.0, (-20.0, -7.105427357601003e-16, 5.0)), ('face_2', 'face', 300.0, (20.0, -7.105427357601003e-16, 5.0)), ('face_3', 'face', 400.0, (2.664535259100376e-16, -15.0, 5.0)), ('face_4', 'face', 400.0, (2.664535259100376e-16, 15.0, 5.0)), ('face_5', 'face', 1200.0, (-2.775557561562892e-17, -8.881784197001254e-16, 0.0)), ('face_6', 'face', 1200.0, (-2.775557561562892e-17, -8.881784197001254e-16, 10.0))]
   nachher Details: []
create_box + mirror_object{}:
   vorher : kind=mesh features=6 {'face': 6} vol=12000.000
   nachher: kind=mesh features=6 {'face': 6} vol=12000.000
   Befunde: []
   vorher Details: [('face_1', 'face', 1200.0, (0.0, 0.0, 0.0)), ('face_3', 'face', 400.0, (0.0, -15.0, 5.000000000000001)), ('face_4', 'face', 400.0, (0.0, 15.0, 5.000000000000001)), ('face_5', 'face', 300.0, (-20.0, 0.0, 5.0)), ('face_6', 'face', 300.0, (20.0, 0.0, 5.0)), ('face_top', 'face', 1200.0, (0.0, 0.0, 10.0))]
   nachher Details: [('face_1', 'face', 1200.0, (0.0, 0.0, 0.0)), ('face_top', 'face', 1200.0, (0.0, 0.0, 10.0)), ('face_3', 'face', 400.0, (0.0, -15.0, 5.000000000000001)), ('face_4', 'face', 400.0, (0.0, 15.0, 5.000000000000001)), ('face_5', 'face', 300.0, (20.0, 0.0, 5.0)), ('face_6', 'face', 300.0, (-20.0, 0.0, 5.0))]
create_brep_box + scale_object{'factor': 2.0}:
   vorher : kind=brep features=6 {'face': 6} vol=12000.000
   nachher: kind=mesh features=12 {'face': 12} vol=96000.000
   Befunde: ['evaluate.exact_became_mesh', 'arrange.below_bed']
   vorher Details: [('face_1', 'face', 300.0, (-20.0, -7.105427357601003e-16, 5.0)), ('face_2', 'face', 300.0, (20.0, -7.105427357601003e-16, 5.0)), ('face_3', 'face', 400.0, (2.664535259100376e-16, -15.0, 5.0)), ('face_4', 'face', 400.0, (2.664535259100376e-16, 15.0, 5.0)), ('face_5', 'face', 1200.0, (-2.775557561562892e-17, -8.881784197001254e-16, 0.0)), ('face_6', 'face', 1200.0, (-2.775557561562892e-17, -8.881784197001254e-16, 10.0))]
   nachher Details: [('face_7', 'face', 4800.0, (0.0, 0.0, -5.0)), ('face_8', 'face', 4800.0, (0.0, 0.0, 15.0)), ('face_9', 'face', 1600.0, (0.0, -30.0, 5.0)), ('face_10', 'face', 1600.0, (0.0, 30.0, 5.0)), ('face_11', 'face', 1200.0, (-40.0, 0.0, 5.0)), ('face_12', 'face', 1200.0, (40.0, 0.0, 5.0)), ('face_1', 'face', 300.0, (-40.0, -1.4210854715202006e-15, 5.0)), ('face_2', 'face', 300.0, (40.0, -1.4210854715202006e-15, 5.0)), ('face_3', 'face', 400.0, (5.329070518200752e-16, -30.0, 5.0)), ('face_4', 'face', 400.0, (5.329070518200752e-16, 30.0, 5.0)), ('face_5', 'face', 1200.0, (-5.551115123125784e-17, -1.776356839400251e-15, -5.0)), ('face_6', 'face', 1200.0, (-5.551115123125784e-17, -1.776356839400251e-15, 15.0))]
create_box + scale_object{'factor': 2.0}:
   vorher : kind=mesh features=6 {'face': 6} vol=12000.000
   nachher: kind=mesh features=12 {'face': 12} vol=96000.000
   Befunde: ['arrange.below_bed']
   vorher Details: [('face_1', 'face', 1200.0, (0.0, 0.0, 0.0)), ('face_3', 'face', 400.0, (0.0, -15.0, 5.000000000000001)), ('face_4', 'face', 400.0, (0.0, 15.0, 5.000000000000001)), ('face_5', 'face', 300.0, (-20.0, 0.0, 5.0)), ('face_6', 'face', 300.0, (20.0, 0.0, 5.0)), ('face_top', 'face', 1200.0, (0.0, 0.0, 10.0))]
   nachher Details: [('face_2', 'face', 4800.0, (0.0, 0.0, -5.0)), ('face_7', 'face', 4800.0, (0.0, 0.0, 15.0)), ('face_8', 'face', 1600.0, (0.0, -30.0, 5.0)), ('face_9', 'face', 1600.0, (0.0, 30.0, 5.0)), ('face_10', 'face', 1200.0, (-40.0, 0.0, 5.0)), ('face_11', 'face', 1200.0, (40.0, 0.0, 5.0)), ('face_1', 'face', 1200.0, (0.0, 0.0, -5.0)), ('face_3', 'face', 400.0, (0.0, -30.0, 5.000000000000002)), ('face_4', 'face', 400.0, (0.0, 30.0, 5.000000000000002)), ('face_5', 'face', 300.0, (-40.0, 0.0, 5.0)), ('face_6', 'face', 300.0, (40.0, 0.0, 5.0)), ('face_top', 'face', 1200.0, (0.0, 0.0, 15.0))]
