pipe IsDone=True
MakeSolid=True
  ridge roh: valid=True closed=True solids=1 faces=8 V=88.290725 A=577.6678
      types={'bspline': 6, 'plane': 2} bounds=(-3.000023, -3.000023, -1.0, 3.000023, 3.000023, 13.800004)
  ridge getrimmt: valid=True closed=True solids=1 faces=8 V=75.677759 A=507.1011
      types={'bspline': 6, 'plane': 2} bounds=(-3.000023, -3.000023, -0.0, 3.000023, 3.000023, 12.0)
  Kern + Gang: valid=True closed=True solids=1 faces=30 V=228.139945 A=223.5030
      types={'cylinder': 26, 'plane': 4} bounds=(-2.460002, -2.460001, -0.0, 2.46, 2.46, 12.0)
Kern Ø 4.9200  Gang Ø 4.9200

== Kegelkopf + threaded_rod: Fuzzy-Vereinigung ==
  tol=None: solids=2 closed=True valid=True V=291.7806
  tol=0.0001: solids=1 closed=True valid=True V=291.6329
  tol=0.001: solids=1 closed=True valid=True V=291.6329
  tol=0.01: solids=1 closed=True valid=True V=291.7314

== Kern + Netzprofil-Gang: Fuzzy und Orientierung ==
ShapeType ridge/trimmed/core = (<TopAbs_ShapeEnum.TopAbs_SOLID: 2>, <TopAbs_ShapeEnum.TopAbs_COMPOUND: 0>, <TopAbs_ShapeEnum.TopAbs_SOLID: 2>)
OrientClosedSolid auf dem inneren Solid: True
  trimmed als Solid: valid=True closed=True solids=1 faces=8 V=75.677759 A=507.1011
      types={'bspline': 6, 'plane': 2} bounds=(-3.000023, -3.000023, -0.0, 3.000023, 3.000023, 12.0)
  tol=None: solids=1 valid=True V=228.1399 Kern 4.920 Gang 4.920
  tol=1e-06: solids=1 valid=True V=228.1399 Kern 4.920 Gang 4.920
