46 Schlüssel weichen vom Originalprojekt ab
  Lauf 1: 46 Werte von Solidon → 0xC0000409 ABSTURZ
  Lauf 2: 23 Werte von Solidon → 0xFFFFFFCE ok
  Lauf 3: 23 Werte von Solidon → 0xFFFFFF9A ok
  Lauf 4: 23 Werte von Solidon → 0xFFFFFF9A ok
  Lauf 5: 23 Werte von Solidon → 0xFFFFFFCE ok
  Lauf 6: 11 Werte von Solidon → 0xFFFFFFCE ok
  Lauf 7: 11 Werte von Solidon → 0x00000000 ok
  Lauf 8: 11 Werte von Solidon → 0xFFFFFF9A ok
  Lauf 9: 11 Werte von Solidon → 0x00000000 ok
  Lauf 10: 2 Werte von Solidon → 0x00000000 ok
  Lauf 11: 35 Werte von Solidon → 0xFFFFFF9A ok
  Lauf 12: 35 Werte von Solidon → 0xC0000409 ABSTURZ
  Lauf 13: 11 Werte von Solidon → 0xFFFFFFCE ok
  Lauf 14: 11 Werte von Solidon → 0xFFFFFF9A ok
  Lauf 15: 11 Werte von Solidon → 0x00000000 ok
  Lauf 16: 2 Werte von Solidon → 0x00000000 ok
  Lauf 17: 24 Werte von Solidon → 0xFFFFFF9A ok
  Lauf 18: 24 Werte von Solidon → 0xC0000409 ABSTURZ
  Lauf 19: 12 Werte von Solidon → 0xFFFFFFCE ok
  Lauf 20: 12 Werte von Solidon → 0x00000000 ok
  Lauf 21: 12 Werte von Solidon → 0x00000000 ok
  Lauf 22: 12 Werte von Solidon → 0xFFFFFFCE ok
  Lauf 23: 6 Werte von Solidon → 0x00000000 ok
  Lauf 24: 6 Werte von Solidon → 0xFFFFFFCE ok
  Lauf 25: 6 Werte von Solidon → 0x00000000 ok
  Lauf 26: 6 Werte von Solidon → 0x00000000 ok
  Lauf 27: 18 Werte von Solidon → 0xC0000409 ABSTURZ
  Lauf 28: 6 Werte von Solidon → 0xFFFFFFCE ok
  Lauf 29: 6 Werte von Solidon → 0x00000000 ok
  Lauf 30: 6 Werte von Solidon → 0x00000000 ok
  Lauf 31: 12 Werte von Solidon → 0x00000000 ok
  Lauf 32: 12 Werte von Solidon → 0xC0000409 ABSTURZ
  Lauf 33: 6 Werte von Solidon → 0xFFFFFFCE ok
  Lauf 34: 6 Werte von Solidon → 0x00000000 ok
  Lauf 35: 6 Werte von Solidon → 0x00000000 ok
  Lauf 36: 6 Werte von Solidon → 0xFFFFFFCE ok
  Lauf 37: 3 Werte von Solidon → 0xFFFFFFCE ok
  Lauf 38: 3 Werte von Solidon → 0x00000000 ok
  Lauf 39: 3 Werte von Solidon → 0x00000000 ok
  Lauf 40: 3 Werte von Solidon → 0x00000000 ok
  Lauf 41: 9 Werte von Solidon → 0x00000000 ok
  Lauf 42: 9 Werte von Solidon → 0xC0000409 ABSTURZ
  Lauf 43: 3 Werte von Solidon → 0xFFFFFFCE ok
  Lauf 44: 3 Werte von Solidon → 0x00000000 ok
  Lauf 45: 3 Werte von Solidon → 0x00000000 ok
  Lauf 46: 6 Werte von Solidon → 0x00000000 ok
  Lauf 47: 6 Werte von Solidon → 0xFFFFFFCE ok
  Lauf 48: 6 Werte von Solidon → 0xC0000409 ABSTURZ
  Lauf 49: 3 Werte von Solidon → 0xFFFFFFCE ok
  Lauf 50: 3 Werte von Solidon → 0x00000000 ok
  Lauf 51: 3 Werte von Solidon → 0x00000000 ok
  Lauf 52: 3 Werte von Solidon → 0xFFFFFFCE ok
  Lauf 53: 1 Werte von Solidon → 0x00000000 ok
  Lauf 54: 1 Werte von Solidon → 0xFFFFFFCE ok
  Lauf 55: 1 Werte von Solidon → 0x00000000 ok
  Lauf 56: 1 Werte von Solidon → 0x00000000 ok
  Lauf 57: 1 Werte von Solidon → 0x00000000 ok
  Lauf 58: 1 Werte von Solidon → 0x00000000 ok
  Lauf 59: 5 Werte von Solidon → 0xC0000409 ABSTURZ
  Lauf 60: 1 Werte von Solidon → 0xFFFFFFCE ok
  Lauf 61: 1 Werte von Solidon → 0x00000000 ok
  Lauf 62: 1 Werte von Solidon → 0x00000000 ok
  Lauf 63: 1 Werte von Solidon → 0x00000000 ok
  Lauf 64: 1 Werte von Solidon → 0x00000000 ok
  Lauf 65: 4 Werte von Solidon → 0x00000000 ok
  Lauf 66: 4 Werte von Solidon → 0xC0000409 ABSTURZ
  Lauf 67: 2 Werte von Solidon → 0xFFFFFFCE ok
  Lauf 68: 2 Werte von Solidon → 0x00000000 ok
  Lauf 69: 2 Werte von Solidon → 0x00000000 ok
  Lauf 70: 2 Werte von Solidon → 0xFFFFFFCE ok
  Lauf 71: 1 Werte von Solidon → 0xFFFFFFCE ok
  Lauf 72: 1 Werte von Solidon → 0x00000000 ok
  Lauf 73: 1 Werte von Solidon → 0x00000000 ok
  Lauf 74: 1 Werte von Solidon → 0x00000000 ok
  Lauf 75: 3 Werte von Solidon → 0x00000000 ok
  Lauf 76: 3 Werte von Solidon → 0xC0000409 ABSTURZ
  Lauf 77: 1 Werte von Solidon → 0xFFFFFFCE ok
  Lauf 78: 1 Werte von Solidon → 0x00000000 ok
  Lauf 79: 1 Werte von Solidon → 0x00000000 ok
  Lauf 80: 2 Werte von Solidon → 0x00000000 ok
  Lauf 81: 2 Werte von Solidon → 0xFFFFFFCE ok
  Lauf 82: 2 Werte von Solidon → 0xC0000409 ABSTURZ
  Lauf 83: 1 Werte von Solidon → 0xFFFFFFCE ok
  Lauf 84: 1 Werte von Solidon → 0x00000000 ok
  Lauf 85: 1 Werte von Solidon → 0x00000000 ok
  Lauf 86: 1 Werte von Solidon → 0xFFFFFFCE ok
Kleinste Menge, mit der der Absturz bleibt:
  enable_support = '1' (Original '0')
  support_type = 'normal(auto)' (Original 'tree(auto)')
